// Jest Snapshot v1, https://goo.gl/fbAQLP

exports[`workers/repository/extract/manager-files getManagerPackageFiles() returns files with extractAllPackageFiles 1`] = `
Array [
  Object {
    "constraints": Object {},
    "deps": Array [
      Object {
        "currentValue": "2.0.0",
        "datasource": "npm",
        "depIndex": 0,
        "depName": "chalk",
        "depType": "dependencies",
        "prettyDepType": "dependency",
      },
    ],
    "lernaClient": undefined,
    "lernaPackages": undefined,
    "managerData": Object {
      "hasPackageManager": false,
      "lernaJsonFile": undefined,
      "yarnZeroInstall": false,
    },
    "npmLock": undefined,
    "npmrc": undefined,
    "packageFile": "package.json",
    "packageFileVersion": undefined,
    "packageJsonName": undefined,
    "packageJsonType": "app",
    "pnpmShrinkwrap": undefined,
    "skipInstalls": undefined,
    "yarnLock": undefined,
    "yarnWorkspacesPackages": undefined,
  },
]
`;

exports[`workers/repository/extract/manager-files getManagerPackageFiles() returns files with regex extractAllPackageFiles 1`] = `
Array [
  Object {
    "deps": Array [
      Object {
        "currentValue": "0.39.0-alpha",
        "datasource": "github-releases",
        "depIndex": 0,
        "depName": "airbytehq/airbyte",
        "replaceString": "# renovate: datasource=github-releases depName=airbytehq/airbyte versioning=maven
version: \\"0.39.0-alpha\\"
",
        "versioning": "maven",
      },
    ],
    "matchStrings": Array [
      "# renovate: datasource=(?<datasource>[^\\\\s]*) depName=(?<depName>[^\\\\s]+)( versioning=(?<versioning>[^\\\\s]*))?.*\\\\n.*: [\\"]?(?<currentValue>v?[^\\"\\\\s]+)[\\"]?
",
    ],
    "packageFile": "airbyte.yaml",
  },
]
`;
